---
source: src/tui.rs
expression: buf_string(&buf)
---
┏━━━━━━━━━━━━━Boxt━━━━━━━━━━━━━┓
┃                              ┃
┃ foo                          ┃
┃     bar                      ┃
┃                              ┃
┃                              ┃
┃                              ┃
┗ Move <WASD> Rect <R> Quit <Q>┛
