---
source: src/tui.rs
expression: actual
---
save this
