---
source: src/line.rs
expression: canvas.to_string()
---
        
 +--+   
    |   
    +
