---
source: src/tui.rs
expression: buf_string(&buf)
---
┏━━━━━━━━━━━━━Boxt━━━━━━━━━━━━━┓
┃                              ┃
┃ foo                          ┃
┃ barbaz                       ┃
┃                              ┃
┃                              ┃
┃                              ┃
┗ Move <WASD> Rect <R> Quit <Q>┛
