---
source: src/tui.rs
expression: buf_string(&buf)
---
┏━━━━━━━━━━━━Clart━━━━━━━━━━━━━┓
┃  +-+                         ┃
┃  | |                         ┃
┃  +-+                         ┃
┃                              ┃
┃                              ┃
┃                              ┃
┗ Move <WASD> Rect <R> Quit <Q>┛
